2026-07-23 13:30:11,197 INFO o.a.j.u.JMeterUtils: Setting Locale to en_US
2026-07-23 13:30:11,207 INFO o.a.j.JMeter: Loading user properties from: user.properties
2026-07-23 13:30:11,209 INFO o.a.j.JMeter: Loading system properties from: system.properties
2026-07-23 13:30:11,209 INFO o.a.j.JMeter: Loading additional properties from: C:\Users\t-khader.qaabar\Downloads\apache-jmeter-5.6.3\apache-jmeter-5.6.3\bin\user.properties
2026-07-23 13:30:11,214 INFO o.a.j.JMeter: Copyright (c) 1998-2024 The Apache Software Foundation
2026-07-23 13:30:11,214 INFO o.a.j.JMeter: Version 5.6.3
2026-07-23 13:30:11,214 INFO o.a.j.JMeter: java.version=1.8.0_202
2026-07-23 13:30:11,214 INFO o.a.j.JMeter: java.vm.name=Java HotSpot(TM) 64-Bit Server VM
2026-07-23 13:30:11,214 INFO o.a.j.JMeter: os.name=Windows 10
2026-07-23 13:30:11,214 INFO o.a.j.JMeter: os.arch=amd64
2026-07-23 13:30:11,214 INFO o.a.j.JMeter: os.version=10.0
2026-07-23 13:30:11,214 INFO o.a.j.JMeter: file.encoding=Cp1252
2026-07-23 13:30:11,214 INFO o.a.j.JMeter: java.awt.headless=true
2026-07-23 13:30:11,214 INFO o.a.j.JMeter: Max memory     =3743416320
2026-07-23 13:30:11,214 INFO o.a.j.JMeter: Available Processors =8
2026-07-23 13:30:11,214 INFO o.a.j.JMeter: Default Locale=English (United States)
2026-07-23 13:30:11,214 INFO o.a.j.JMeter: JMeter  Locale=English (United States)
2026-07-23 13:30:11,214 INFO o.a.j.JMeter: JMeterHome=C:\Users\t-khader.qaabar\Downloads\apache-jmeter-5.6.3\apache-jmeter-5.6.3
2026-07-23 13:30:11,214 INFO o.a.j.JMeter: user.dir  =C:\Users\t-khader.qaabar\Downloads\apache-jmeter-5.6.3\apache-jmeter-5.6.3\bin
2026-07-23 13:30:11,214 INFO o.a.j.JMeter: PWD       =C:\Users\t-khader.qaabar\Downloads\apache-jmeter-5.6.3\apache-jmeter-5.6.3\bin
2026-07-23 13:30:11,225 INFO o.a.j.JMeter: IP: 172.20.80.15 Name: DESKTOP-LM1I3TT FullName: DESKTOP-LM1I3TT.exalt.ps
2026-07-23 13:30:11,240 INFO o.a.j.JMeter: Setting property 'jmeter.reportgenerator.outputdir' to:'C:\Users\t-khader.qaabar\Downloads\apache-jmeter-5.6.3\apache-jmeter-5.6.3\bin\Html-report'
2026-07-23 13:30:11,245 INFO o.a.j.r.d.ReportGenerator: ReportGenerator will use for Parsing the separator: ','
2026-07-23 13:30:11,245 INFO o.a.j.r.d.ReportGenerator: Will only generate report from results file: C:\Users\t-khader.qaabar\Downloads\apache-jmeter-5.6.3\apache-jmeter-5.6.3\bin\results.jtl
2026-07-23 13:30:11,245 INFO o.a.j.r.d.ReportGenerator: Reading report generator properties from: C:\Users\t-khader.qaabar\Downloads\apache-jmeter-5.6.3\apache-jmeter-5.6.3\bin\reportgenerator.properties
2026-07-23 13:30:11,246 INFO o.a.j.r.d.ReportGenerator: Merging with JMeter properties
2026-07-23 13:30:11,250 INFO o.a.j.r.c.ReportGeneratorConfiguration: Property 'jmeter.reportgenerator.temp_dir' not found, using default value 'temp' instead.
2026-07-23 13:30:11,252 INFO o.a.j.r.c.ReportGeneratorConfiguration: Property 'jmeter.reportgenerator.apdex_per_transaction' not found, using default value 'null' instead.
2026-07-23 13:30:11,257 INFO o.a.j.r.c.ReportGeneratorConfiguration: apdex_per_transaction is empty, not APDEX per transaction customization
2026-07-23 13:30:11,257 INFO o.a.j.r.c.ReportGeneratorConfiguration: Property 'jmeter.reportgenerator.sample_filter' not found, using default value 'null' instead.
2026-07-23 13:30:11,257 INFO o.a.j.r.c.ReportGeneratorConfiguration: Property 'jmeter.reportgenerator.report_title' not found, using default value 'null' instead.
2026-07-23 13:30:11,257 INFO o.a.j.r.c.ReportGeneratorConfiguration: Property 'jmeter.reportgenerator.start_date' not found, using default value 'null' instead.
2026-07-23 13:30:11,257 INFO o.a.j.r.c.ReportGeneratorConfiguration: Property 'jmeter.reportgenerator.end_date' not found, using default value 'null' instead.
2026-07-23 13:30:11,258 INFO o.a.j.r.c.ReportGeneratorConfiguration: Property 'jmeter.reportgenerator.date_format' not found, using default value 'null' instead.
2026-07-23 13:30:11,258 INFO o.a.j.r.c.ReportGeneratorConfiguration: Will use date range start date: null, end date: null
2026-07-23 13:30:11,261 INFO o.a.j.r.c.ReportGeneratorConfiguration: Property 'jmeter.reportgenerator.graph.totalTPS.exclude_controllers' not found, using default value 'false' instead.
2026-07-23 13:30:11,262 INFO o.a.j.r.c.ReportGeneratorConfiguration: Property 'jmeter.reportgenerator.graph.activeThreadsOverTime.exclude_controllers' not found, using default value 'false' instead.
2026-07-23 13:30:11,262 INFO o.a.j.r.c.ReportGeneratorConfiguration: Property 'jmeter.reportgenerator.graph.timeVsThreads.exclude_controllers' not found, using default value 'false' instead.
2026-07-23 13:30:11,262 INFO o.a.j.r.c.ReportGeneratorConfiguration: Property 'jmeter.reportgenerator.graph.responseTimeDistribution.exclude_controllers' not found, using default value 'false' instead.
2026-07-23 13:30:11,262 INFO o.a.j.r.c.ReportGeneratorConfiguration: Property 'jmeter.reportgenerator.graph.transactionsPerSecond.exclude_controllers' not found, using default value 'false' instead.
2026-07-23 13:30:11,262 INFO o.a.j.r.c.ReportGeneratorConfiguration: Property 'jmeter.reportgenerator.graph.responseTimePercentiles.exclude_controllers' not found, using default value 'false' instead.
2026-07-23 13:30:11,262 INFO o.a.j.r.c.ReportGeneratorConfiguration: Property 'jmeter.reportgenerator.graph.responseTimePercentilesOverTime.exclude_controllers' not found, using default value 'false' instead.
2026-07-23 13:30:11,262 INFO o.a.j.r.c.ReportGeneratorConfiguration: Property 'jmeter.reportgenerator.graph.responseTimesOverTime.exclude_controllers' not found, using default value 'false' instead.
2026-07-23 13:30:11,262 INFO o.a.j.r.c.ReportGeneratorConfiguration: Property 'jmeter.reportgenerator.graph.connectTimeOverTime.exclude_controllers' not found, using default value 'false' instead.
2026-07-23 13:30:11,262 INFO o.a.j.r.c.ReportGeneratorConfiguration: Property 'jmeter.reportgenerator.graph.latenciesOverTime.exclude_controllers' not found, using default value 'false' instead.
2026-07-23 13:30:11,263 INFO o.a.j.r.c.ReportGeneratorConfiguration: Property 'jmeter.reportgenerator.exporter.json.filters_only_sample_series' not found, using default value 'true' instead.
2026-07-23 13:30:11,263 INFO o.a.j.r.c.ReportGeneratorConfiguration: Property 'jmeter.reportgenerator.exporter.json.series_filter' not found, using default value '' instead.
2026-07-23 13:30:11,263 INFO o.a.j.r.c.ReportGeneratorConfiguration: Property 'jmeter.reportgenerator.exporter.json.show_controllers_only' not found, using default value 'false' instead.
2026-07-23 13:30:11,264 INFO o.a.j.r.c.ReportGeneratorConfiguration: Property 'jmeter.reportgenerator.exporter.html.filters_only_sample_series' not found, using default value 'true' instead.
2026-07-23 13:30:11,264 INFO o.a.j.r.c.ReportGeneratorConfiguration: Property 'jmeter.reportgenerator.exporter.html.series_filter' not found, using default value '' instead.
2026-07-23 13:30:11,264 INFO o.a.j.r.c.ReportGeneratorConfiguration: Property 'jmeter.reportgenerator.exporter.html.show_controllers_only' not found, using default value 'false' instead.
2026-07-23 13:30:11,369 INFO o.a.j.s.SaveService: Testplan (JMX) version: 2.2. Testlog (JTL) version: 2.2
2026-07-23 13:30:11,382 INFO o.a.j.s.SaveService: Using SaveService properties file encoding UTF-8
2026-07-23 13:30:11,386 INFO o.a.j.s.SaveService: Using SaveService properties version 5.0
2026-07-23 13:30:11,411 INFO o.a.j.r.p.NormalizerSampleConsumer: Using format, 'ms', to parse timeStamp field
2026-07-23 13:30:11,884 INFO o.a.j.r.p.AbstractSampleConsumer: class org.apache.jmeter.report.processor.AggregateConsumer#stopProducing(): beginDate produced 0 samples
2026-07-23 13:30:11,884 INFO o.a.j.r.p.AbstractSampleConsumer: class org.apache.jmeter.report.processor.AggregateConsumer#stopProducing(): endDate produced 0 samples
2026-07-23 13:30:11,886 INFO o.a.j.r.p.AbstractSampleConsumer: class org.apache.jmeter.report.processor.ApdexSummaryConsumer#stopProducing(): apdexSummary produced 0 samples
2026-07-23 13:30:11,886 INFO o.a.j.r.p.AbstractSampleConsumer: class org.apache.jmeter.report.processor.RequestsSummaryConsumer#stopProducing(): requestsSummary produced 0 samples
2026-07-23 13:30:11,897 INFO o.a.j.r.p.AbstractSampleConsumer: class org.apache.jmeter.report.processor.StatisticsSummaryConsumer#stopProducing(): statisticsSummary produced 0 samples
2026-07-23 13:30:11,903 INFO o.a.j.r.p.AbstractSampleConsumer: class org.apache.jmeter.report.processor.Top5ErrorsBySamplerConsumer#stopProducing(): top5ErrorsBySampler produced 0 samples
2026-07-23 13:30:11,903 INFO o.a.j.r.p.AbstractSampleConsumer: class org.apache.jmeter.report.processor.ErrorsSummaryConsumer#stopProducing(): errorsSummary produced 0 samples
2026-07-23 13:30:11,903 INFO o.a.j.r.p.AbstractSampleConsumer: class org.apache.jmeter.report.processor.graph.impl.HitsPerSecondGraphConsumer#stopProducing(): hitsPerSecond produced 0 samples
2026-07-23 13:30:11,955 INFO o.a.j.r.p.AbstractSampleConsumer: class org.apache.jmeter.report.processor.graph.impl.LatencyVSRequestGraphConsumer#stopProducing(): latencyVsRequest produced 0 samples
2026-07-23 13:30:11,955 INFO o.a.j.r.p.AbstractSampleConsumer: class org.apache.jmeter.report.processor.graph.impl.SyntheticResponseTimeDistributionGraphConsumer#stopProducing(): syntheticResponseTimeDistribution produced 0 samples
2026-07-23 13:30:11,956 INFO o.a.j.r.p.AbstractSampleConsumer: class org.apache.jmeter.report.processor.graph.impl.BytesThroughputGraphConsumer#stopProducing(): bytesThroughputOverTime produced 0 samples
2026-07-23 13:30:11,956 INFO o.a.j.r.p.AbstractSampleConsumer: class org.apache.jmeter.report.processor.graph.impl.CodesPerSecondGraphConsumer#stopProducing(): codesPerSecond produced 0 samples
2026-07-23 13:30:11,974 INFO o.a.j.r.p.AbstractSampleConsumer: class org.apache.jmeter.report.processor.graph.impl.ResponseTimeVSRequestGraphConsumer#stopProducing(): responseTimeVsRequest produced 0 samples
2026-07-23 13:30:11,975 INFO o.a.j.r.p.AbstractSampleConsumer: class org.apache.jmeter.report.processor.FilterConsumer#stopProducing(): startIntervalControlerFilter produced 11907 samples
2026-07-23 13:30:11,975 INFO o.a.j.r.p.AbstractSampleConsumer: class org.apache.jmeter.report.processor.graph.impl.TotalTPSGraphConsumer#stopProducing(): totalTPS produced 0 samples
2026-07-23 13:30:11,975 INFO o.a.j.r.p.AbstractSampleConsumer: class org.apache.jmeter.report.processor.graph.impl.ActiveThreadsGraphConsumer#stopProducing(): activeThreadsOverTime produced 0 samples
2026-07-23 13:30:11,975 INFO o.a.j.r.p.AbstractSampleConsumer: class org.apache.jmeter.report.processor.graph.impl.TimeVSThreadGraphConsumer#stopProducing(): timeVsThreads produced 0 samples
2026-07-23 13:30:11,975 INFO o.a.j.r.p.AbstractSampleConsumer: class org.apache.jmeter.report.processor.graph.impl.ResponseTimeDistributionGraphConsumer#stopProducing(): responseTimeDistribution produced 0 samples
2026-07-23 13:30:11,975 INFO o.a.j.r.p.AbstractSampleConsumer: class org.apache.jmeter.report.processor.graph.impl.TransactionsPerSecondGraphConsumer#stopProducing(): transactionsPerSecond produced 0 samples
2026-07-23 13:30:11,975 INFO o.a.j.r.p.AbstractSampleConsumer: class org.apache.jmeter.report.processor.graph.impl.ResponseTimePercentilesGraphConsumer#stopProducing(): responseTimePercentiles produced 0 samples
2026-07-23 13:30:11,977 INFO o.a.j.r.p.AbstractSampleConsumer: class org.apache.jmeter.report.processor.graph.impl.ResponseTimePercentilesOverTimeGraphConsumer#stopProducing(): responseTimePercentilesOverTime produced 0 samples
2026-07-23 13:30:11,978 INFO o.a.j.r.p.AbstractSampleConsumer: class org.apache.jmeter.report.processor.graph.impl.ResponseTimeOverTimeGraphConsumer#stopProducing(): responseTimesOverTime produced 0 samples
2026-07-23 13:30:11,978 INFO o.a.j.r.p.AbstractSampleConsumer: class org.apache.jmeter.report.processor.graph.impl.ConnectTimeOverTimeGraphConsumer#stopProducing(): connectTimeOverTime produced 0 samples
2026-07-23 13:30:11,978 INFO o.a.j.r.p.AbstractSampleConsumer: class org.apache.jmeter.report.processor.graph.impl.LatencyOverTimeGraphConsumer#stopProducing(): latenciesOverTime produced 0 samples
2026-07-23 13:30:11,978 INFO o.a.j.r.p.AbstractSampleConsumer: class org.apache.jmeter.report.processor.FilterConsumer#stopProducing(): nameFilter produced 25515 samples
2026-07-23 13:30:11,978 INFO o.a.j.r.p.AbstractSampleConsumer: class org.apache.jmeter.report.processor.FilterConsumer#stopProducing(): dateRangeFilter produced 5103 samples
2026-07-23 13:30:11,978 INFO o.a.j.r.p.AbstractSampleConsumer: class org.apache.jmeter.report.processor.NormalizerSampleConsumer#stopProducing(): normalizer produced 1701 samples
2026-07-23 13:30:11,979 INFO o.a.j.r.p.CsvFileSampleSource: produce(): 1701 samples produced in 528ms on channel 0
2026-07-23 13:30:11,979 INFO o.a.j.r.d.ReportGenerator: Exporting data using exporter:'json' of className:'org.apache.jmeter.report.dashboard.JsonExporter'
2026-07-23 13:30:12,076 INFO o.a.j.r.d.JsonExporter: Found data for consumer statisticsSummary in context
2026-07-23 13:30:12,076 INFO o.a.j.r.d.JsonExporter: Creating statistics for overall
2026-07-23 13:30:12,076 INFO o.a.j.r.d.JsonExporter: Creating statistics for other transactions
2026-07-23 13:30:12,076 INFO o.a.j.r.d.JsonExporter: Checking output folder
2026-07-23 13:30:12,076 INFO o.a.j.r.d.JsonExporter: Writing statistics JSON to C:\Users\t-khader.qaabar\Downloads\apache-jmeter-5.6.3\apache-jmeter-5.6.3\bin\Html-report\statistics.json
2026-07-23 13:30:12,133 INFO o.a.j.r.d.ReportGenerator: Exporting data using exporter:'html' of className:'org.apache.jmeter.report.dashboard.HtmlTemplateExporter'
2026-07-23 13:30:12,136 INFO o.a.j.r.d.HtmlTemplateExporter: Will generate dashboard in folder: C:\Users\t-khader.qaabar\Downloads\apache-jmeter-5.6.3\apache-jmeter-5.6.3\bin\Html-report
2026-07-23 13:30:12,293 INFO o.a.j.r.d.HtmlTemplateExporter: Report will be generated in: C:\Users\t-khader.qaabar\Downloads\apache-jmeter-5.6.3\apache-jmeter-5.6.3\bin\Html-report, creating folder structure
2026-07-23 13:30:12,293 INFO o.a.j.r.d.TemplateVisitor: Copying folder from 'C:\Users\t-khader.qaabar\Downloads\apache-jmeter-5.6.3\apache-jmeter-5.6.3\bin\report-template' to 'C:\Users\t-khader.qaabar\Downloads\apache-jmeter-5.6.3\apache-jmeter-5.6.3\bin\Html-report', got message: C:\Users\t-khader.qaabar\Downloads\apache-jmeter-5.6.3\apache-jmeter-5.6.3\bin\Html-report, found non empty folder with following content [C:\Users\t-khader.qaabar\Downloads\apache-jmeter-5.6.3\apache-jmeter-5.6.3\bin\Html-report\statistics.json], will be ignored
